// Jest Snapshot v1, https://goo.gl/fbAQLP

exports[`ProductFeature renders correctly 1`] = `null`;
